Archive member included to satisfy reference by file (symbol)

c:/program files (x86)/atmel/studio/7.0/toolchain/avr8/avr8-gnu-toolchain/bin/../lib/gcc/avr/5.4.0/avr5\libgcc.a(_udivmodsi4.o)
                              HAL/LCD/LCD_prog.o (__udivmodsi4)
c:/program files (x86)/atmel/studio/7.0/toolchain/avr8/avr8-gnu-toolchain/bin/../lib/gcc/avr/5.4.0/avr5\libgcc.a(_exit.o)
                              C:/Program Files (x86)/Atmel/Studio/7.0/Packs/atmel/ATmega_DFP/1.6.364/gcc/dev/atmega32/avr5/crtatmega32.o (exit)
c:/program files (x86)/atmel/studio/7.0/toolchain/avr8/avr8-gnu-toolchain/bin/../lib/gcc/avr/5.4.0/avr5\libgcc.a(_tablejump2.o)
                              APP/main.o (__tablejump2__)
c:/program files (x86)/atmel/studio/7.0/toolchain/avr8/avr8-gnu-toolchain/bin/../lib/gcc/avr/5.4.0/avr5\libgcc.a(_copy_data.o)
                              APP/LoginSystem.o (__do_copy_data)
c:/program files (x86)/atmel/studio/7.0/toolchain/avr8/avr8-gnu-toolchain/bin/../lib/gcc/avr/5.4.0/avr5\libgcc.a(_clear_bss.o)
                              APP/main.o (__do_clear_bss)
c:/program files (x86)/atmel/studio/7.0/toolchain/avr8/avr8-gnu-toolchain/bin/../lib/gcc/avr/5.4.0/avr5\libgcc.a(_umulhisi3.o)
                              HAL/LCD/LCD_prog.o (__umulhisi3)

Discarded input sections

 .data          0x00000000        0x0 C:/Program Files (x86)/Atmel/Studio/7.0/Packs/atmel/ATmega_DFP/1.6.364/gcc/dev/atmega32/avr5/crtatmega32.o
 .bss           0x00000000        0x0 C:/Program Files (x86)/Atmel/Studio/7.0/Packs/atmel/ATmega_DFP/1.6.364/gcc/dev/atmega32/avr5/crtatmega32.o
 .text          0x00000000        0x0 APP/LoginSystem.o
 .data          0x00000000        0x0 APP/LoginSystem.o
 .bss           0x00000000        0x0 APP/LoginSystem.o
 .text          0x00000000        0x0 APP/main.o
 .data          0x00000000        0x0 APP/main.o
 .bss           0x00000000        0x0 APP/main.o
 .text          0x00000000        0x0 HAL/EPROM3/EEPROM.o
 .data          0x00000000        0x0 HAL/EPROM3/EEPROM.o
 .bss           0x00000000        0x0 HAL/EPROM3/EEPROM.o
 .text          0x00000000        0x0 HAL/Keypad/Keypad_prog.o
 .data          0x00000000        0x0 HAL/Keypad/Keypad_prog.o
 .bss           0x00000000        0x0 HAL/Keypad/Keypad_prog.o
 .text          0x00000000        0x0 HAL/LCD/LCD_prog.o
 .data          0x00000000        0x0 HAL/LCD/LCD_prog.o
 .bss           0x00000000        0x0 HAL/LCD/LCD_prog.o
 .text.LCD_enuSendCommand
                0x00000000       0x1a HAL/LCD/LCD_prog.o
 .text          0x00000000        0x0 MCAL/DIO/DIO_prog.o
 .data          0x00000000        0x0 MCAL/DIO/DIO_prog.o
 .bss           0x00000000        0x0 MCAL/DIO/DIO_prog.o
 .text.DIO_enuTogPinValue
                0x00000000       0x70 MCAL/DIO/DIO_prog.o
 .text          0x00000000        0x0 MCAL/EXTI/EXTI_config.o
 .data          0x00000000        0x0 MCAL/EXTI/EXTI_config.o
 .bss           0x00000000        0x0 MCAL/EXTI/EXTI_config.o
 .debug_info    0x00000000       0x5d MCAL/EXTI/EXTI_config.o
 .debug_abbrev  0x00000000       0x1b MCAL/EXTI/EXTI_config.o
 .debug_aranges
                0x00000000       0x18 MCAL/EXTI/EXTI_config.o
 .debug_line    0x00000000       0x1a MCAL/EXTI/EXTI_config.o
 .debug_str     0x00000000      0x17d MCAL/EXTI/EXTI_config.o
 .comment       0x00000000       0x31 MCAL/EXTI/EXTI_config.o
 .text          0x00000000        0x0 MCAL/EXTI/EXTI_prog.o
 .data          0x00000000        0x0 MCAL/EXTI/EXTI_prog.o
 .bss           0x00000000        0x0 MCAL/EXTI/EXTI_prog.o
 .text.EXTI_enuEnableInterrupt
                0x00000000        0xa MCAL/EXTI/EXTI_prog.o
 .text.EXTI_enuDisableInterrupt
                0x00000000        0xa MCAL/EXTI/EXTI_prog.o
 .text          0x00000000        0x0 MCAL/SPI/SPI.o
 .data          0x00000000        0x0 MCAL/SPI/SPI.o
 .bss           0x00000000        0x0 MCAL/SPI/SPI.o
 .text.SPI_vInitSlave
                0x00000000        0x6 MCAL/SPI/SPI.o
 .text          0x00000000        0x0 MCAL/UART/UART_program.o
 .data          0x00000000        0x0 MCAL/UART/UART_program.o
 .bss           0x00000000        0x0 MCAL/UART/UART_program.o
 .bss.UART_First_ConnectionFlag
                0x00000000        0x1 MCAL/UART/UART_program.o
 .text          0x00000000        0x0 c:/program files (x86)/atmel/studio/7.0/toolchain/avr8/avr8-gnu-toolchain/bin/../lib/gcc/avr/5.4.0/avr5\libgcc.a(_udivmodsi4.o)
 .data          0x00000000        0x0 c:/program files (x86)/atmel/studio/7.0/toolchain/avr8/avr8-gnu-toolchain/bin/../lib/gcc/avr/5.4.0/avr5\libgcc.a(_udivmodsi4.o)
 .bss           0x00000000        0x0 c:/program files (x86)/atmel/studio/7.0/toolchain/avr8/avr8-gnu-toolchain/bin/../lib/gcc/avr/5.4.0/avr5\libgcc.a(_udivmodsi4.o)
 .text.libgcc.mul
                0x00000000        0x0 c:/program files (x86)/atmel/studio/7.0/toolchain/avr8/avr8-gnu-toolchain/bin/../lib/gcc/avr/5.4.0/avr5\libgcc.a(_udivmodsi4.o)
 .text.libgcc   0x00000000        0x0 c:/program files (x86)/atmel/studio/7.0/toolchain/avr8/avr8-gnu-toolchain/bin/../lib/gcc/avr/5.4.0/avr5\libgcc.a(_udivmodsi4.o)
 .text.libgcc.prologue
                0x00000000        0x0 c:/program files (x86)/atmel/studio/7.0/toolchain/avr8/avr8-gnu-toolchain/bin/../lib/gcc/avr/5.4.0/avr5\libgcc.a(_udivmodsi4.o)
 .text.libgcc.builtins
                0x00000000        0x0 c:/program files (x86)/atmel/studio/7.0/toolchain/avr8/avr8-gnu-toolchain/bin/../lib/gcc/avr/5.4.0/avr5\libgcc.a(_udivmodsi4.o)
 .text.libgcc.fmul
                0x00000000        0x0 c:/program files (x86)/atmel/studio/7.0/toolchain/avr8/avr8-gnu-toolchain/bin/../lib/gcc/avr/5.4.0/avr5\libgcc.a(_udivmodsi4.o)
 .text.libgcc.fixed
                0x00000000        0x0 c:/program files (x86)/atmel/studio/7.0/toolchain/avr8/avr8-gnu-toolchain/bin/../lib/gcc/avr/5.4.0/avr5\libgcc.a(_udivmodsi4.o)
 .text          0x00000000        0x0 c:/program files (x86)/atmel/studio/7.0/toolchain/avr8/avr8-gnu-toolchain/bin/../lib/gcc/avr/5.4.0/avr5\libgcc.a(_exit.o)
 .data          0x00000000        0x0 c:/program files (x86)/atmel/studio/7.0/toolchain/avr8/avr8-gnu-toolchain/bin/../lib/gcc/avr/5.4.0/avr5\libgcc.a(_exit.o)
 .bss           0x00000000        0x0 c:/program files (x86)/atmel/studio/7.0/toolchain/avr8/avr8-gnu-toolchain/bin/../lib/gcc/avr/5.4.0/avr5\libgcc.a(_exit.o)
 .text.libgcc.mul
                0x00000000        0x0 c:/program files (x86)/atmel/studio/7.0/toolchain/avr8/avr8-gnu-toolchain/bin/../lib/gcc/avr/5.4.0/avr5\libgcc.a(_exit.o)
 .text.libgcc.div
                0x00000000        0x0 c:/program files (x86)/atmel/studio/7.0/toolchain/avr8/avr8-gnu-toolchain/bin/../lib/gcc/avr/5.4.0/avr5\libgcc.a(_exit.o)
 .text.libgcc   0x00000000        0x0 c:/program files (x86)/atmel/studio/7.0/toolchain/avr8/avr8-gnu-toolchain/bin/../lib/gcc/avr/5.4.0/avr5\libgcc.a(_exit.o)
 .text.libgcc.prologue
                0x00000000        0x0 c:/program files (x86)/atmel/studio/7.0/toolchain/avr8/avr8-gnu-toolchain/bin/../lib/gcc/avr/5.4.0/avr5\libgcc.a(_exit.o)
 .text.libgcc.builtins
                0x00000000        0x0 c:/program files (x86)/atmel/studio/7.0/toolchain/avr8/avr8-gnu-toolchain/bin/../lib/gcc/avr/5.4.0/avr5\libgcc.a(_exit.o)
 .text.libgcc.fmul
                0x00000000        0x0 c:/program files (x86)/atmel/studio/7.0/toolchain/avr8/avr8-gnu-toolchain/bin/../lib/gcc/avr/5.4.0/avr5\libgcc.a(_exit.o)
 .text.libgcc.fixed
                0x00000000        0x0 c:/program files (x86)/atmel/studio/7.0/toolchain/avr8/avr8-gnu-toolchain/bin/../lib/gcc/avr/5.4.0/avr5\libgcc.a(_exit.o)
 .text          0x00000000        0x0 c:/program files (x86)/atmel/studio/7.0/toolchain/avr8/avr8-gnu-toolchain/bin/../lib/gcc/avr/5.4.0/avr5\libgcc.a(_tablejump2.o)
 .data          0x00000000        0x0 c:/program files (x86)/atmel/studio/7.0/toolchain/avr8/avr8-gnu-toolchain/bin/../lib/gcc/avr/5.4.0/avr5\libgcc.a(_tablejump2.o)
 .bss           0x00000000        0x0 c:/program files (x86)/atmel/studio/7.0/toolchain/avr8/avr8-gnu-toolchain/bin/../lib/gcc/avr/5.4.0/avr5\libgcc.a(_tablejump2.o)
 .text.libgcc.mul
                0x00000000        0x0 c:/program files (x86)/atmel/studio/7.0/toolchain/avr8/avr8-gnu-toolchain/bin/../lib/gcc/avr/5.4.0/avr5\libgcc.a(_tablejump2.o)
 .text.libgcc.div
                0x00000000        0x0 c:/program files (x86)/atmel/studio/7.0/toolchain/avr8/avr8-gnu-toolchain/bin/../lib/gcc/avr/5.4.0/avr5\libgcc.a(_tablejump2.o)
 .text.libgcc.prologue
                0x00000000        0x0 c:/program files (x86)/atmel/studio/7.0/toolchain/avr8/avr8-gnu-toolchain/bin/../lib/gcc/avr/5.4.0/avr5\libgcc.a(_tablejump2.o)
 .text.libgcc.builtins
                0x00000000        0x0 c:/program files (x86)/atmel/studio/7.0/toolchain/avr8/avr8-gnu-toolchain/bin/../lib/gcc/avr/5.4.0/avr5\libgcc.a(_tablejump2.o)
 .text.libgcc.fmul
                0x00000000        0x0 c:/program files (x86)/atmel/studio/7.0/toolchain/avr8/avr8-gnu-toolchain/bin/../lib/gcc/avr/5.4.0/avr5\libgcc.a(_tablejump2.o)
 .text.libgcc.fixed
                0x00000000        0x0 c:/program files (x86)/atmel/studio/7.0/toolchain/avr8/avr8-gnu-toolchain/bin/../lib/gcc/avr/5.4.0/avr5\libgcc.a(_tablejump2.o)
 .text          0x00000000        0x0 c:/program files (x86)/atmel/studio/7.0/toolchain/avr8/avr8-gnu-toolchain/bin/../lib/gcc/avr/5.4.0/avr5\libgcc.a(_copy_data.o)
 .data          0x00000000        0x0 c:/program files (x86)/atmel/studio/7.0/toolchain/avr8/avr8-gnu-toolchain/bin/../lib/gcc/avr/5.4.0/avr5\libgcc.a(_copy_data.o)
 .bss           0x00000000        0x0 c:/program files (x86)/atmel/studio/7.0/toolchain/avr8/avr8-gnu-toolchain/bin/../lib/gcc/avr/5.4.0/avr5\libgcc.a(_copy_data.o)
 .text.libgcc.mul
                0x00000000        0x0 c:/program files (x86)/atmel/studio/7.0/toolchain/avr8/avr8-gnu-toolchain/bin/../lib/gcc/avr/5.4.0/avr5\libgcc.a(_copy_data.o)
 .text.libgcc.div
                0x00000000        0x0 c:/program files (x86)/atmel/studio/7.0/toolchain/avr8/avr8-gnu-toolchain/bin/../lib/gcc/avr/5.4.0/avr5\libgcc.a(_copy_data.o)
 .text.libgcc   0x00000000        0x0 c:/program files (x86)/atmel/studio/7.0/toolchain/avr8/avr8-gnu-toolchain/bin/../lib/gcc/avr/5.4.0/avr5\libgcc.a(_copy_data.o)
 .text.libgcc.prologue
                0x00000000        0x0 c:/program files (x86)/atmel/studio/7.0/toolchain/avr8/avr8-gnu-toolchain/bin/../lib/gcc/avr/5.4.0/avr5\libgcc.a(_copy_data.o)
 .text.libgcc.builtins
                0x00000000        0x0 c:/program files (x86)/atmel/studio/7.0/toolchain/avr8/avr8-gnu-toolchain/bin/../lib/gcc/avr/5.4.0/avr5\libgcc.a(_copy_data.o)
 .text.libgcc.fmul
                0x00000000        0x0 c:/program files (x86)/atmel/studio/7.0/toolchain/avr8/avr8-gnu-toolchain/bin/../lib/gcc/avr/5.4.0/avr5\libgcc.a(_copy_data.o)
 .text.libgcc.fixed
                0x00000000        0x0 c:/program files (x86)/atmel/studio/7.0/toolchain/avr8/avr8-gnu-toolchain/bin/../lib/gcc/avr/5.4.0/avr5\libgcc.a(_copy_data.o)
 .text          0x00000000        0x0 c:/program files (x86)/atmel/studio/7.0/toolchain/avr8/avr8-gnu-toolchain/bin/../lib/gcc/avr/5.4.0/avr5\libgcc.a(_clear_bss.o)
 .data          0x00000000        0x0 c:/program files (x86)/atmel/studio/7.0/toolchain/avr8/avr8-gnu-toolchain/bin/../lib/gcc/avr/5.4.0/avr5\libgcc.a(_clear_bss.o)
 .bss           0x00000000        0x0 c:/program files (x86)/atmel/studio/7.0/toolchain/avr8/avr8-gnu-toolchain/bin/../lib/gcc/avr/5.4.0/avr5\libgcc.a(_clear_bss.o)
 .text.libgcc.mul
                0x00000000        0x0 c:/program files (x86)/atmel/studio/7.0/toolchain/avr8/avr8-gnu-toolchain/bin/../lib/gcc/avr/5.4.0/avr5\libgcc.a(_clear_bss.o)
 .text.libgcc.div
                0x00000000        0x0 c:/program files (x86)/atmel/studio/7.0/toolchain/avr8/avr8-gnu-toolchain/bin/../lib/gcc/avr/5.4.0/avr5\libgcc.a(_clear_bss.o)
 .text.libgcc   0x00000000        0x0 c:/program files (x86)/atmel/studio/7.0/toolchain/avr8/avr8-gnu-toolchain/bin/../lib/gcc/avr/5.4.0/avr5\libgcc.a(_clear_bss.o)
 .text.libgcc.prologue
                0x00000000        0x0 c:/program files (x86)/atmel/studio/7.0/toolchain/avr8/avr8-gnu-toolchain/bin/../lib/gcc/avr/5.4.0/avr5\libgcc.a(_clear_bss.o)
 .text.libgcc.builtins
                0x00000000        0x0 c:/program files (x86)/atmel/studio/7.0/toolchain/avr8/avr8-gnu-toolchain/bin/../lib/gcc/avr/5.4.0/avr5\libgcc.a(_clear_bss.o)
 .text.libgcc.fmul
                0x00000000        0x0 c:/program files (x86)/atmel/studio/7.0/toolchain/avr8/avr8-gnu-toolchain/bin/../lib/gcc/avr/5.4.0/avr5\libgcc.a(_clear_bss.o)
 .text.libgcc.fixed
                0x00000000        0x0 c:/program files (x86)/atmel/studio/7.0/toolchain/avr8/avr8-gnu-toolchain/bin/../lib/gcc/avr/5.4.0/avr5\libgcc.a(_clear_bss.o)
 .text          0x00000000        0x0 c:/program files (x86)/atmel/studio/7.0/toolchain/avr8/avr8-gnu-toolchain/bin/../lib/gcc/avr/5.4.0/avr5\libgcc.a(_umulhisi3.o)
 .data          0x00000000        0x0 c:/program files (x86)/atmel/studio/7.0/toolchain/avr8/avr8-gnu-toolchain/bin/../lib/gcc/avr/5.4.0/avr5\libgcc.a(_umulhisi3.o)
 .bss           0x00000000        0x0 c:/program files (x86)/atmel/studio/7.0/toolchain/avr8/avr8-gnu-toolchain/bin/../lib/gcc/avr/5.4.0/avr5\libgcc.a(_umulhisi3.o)
 .text.libgcc.div
                0x00000000        0x0 c:/program files (x86)/atmel/studio/7.0/toolchain/avr8/avr8-gnu-toolchain/bin/../lib/gcc/avr/5.4.0/avr5\libgcc.a(_umulhisi3.o)
 .text.libgcc   0x00000000        0x0 c:/program files (x86)/atmel/studio/7.0/toolchain/avr8/avr8-gnu-toolchain/bin/../lib/gcc/avr/5.4.0/avr5\libgcc.a(_umulhisi3.o)
 .text.libgcc.prologue
                0x00000000        0x0 c:/program files (x86)/atmel/studio/7.0/toolchain/avr8/avr8-gnu-toolchain/bin/../lib/gcc/avr/5.4.0/avr5\libgcc.a(_umulhisi3.o)
 .text.libgcc.builtins
                0x00000000        0x0 c:/program files (x86)/atmel/studio/7.0/toolchain/avr8/avr8-gnu-toolchain/bin/../lib/gcc/avr/5.4.0/avr5\libgcc.a(_umulhisi3.o)
 .text.libgcc.fmul
                0x00000000        0x0 c:/program files (x86)/atmel/studio/7.0/toolchain/avr8/avr8-gnu-toolchain/bin/../lib/gcc/avr/5.4.0/avr5\libgcc.a(_umulhisi3.o)
 .text.libgcc.fixed
                0x00000000        0x0 c:/program files (x86)/atmel/studio/7.0/toolchain/avr8/avr8-gnu-toolchain/bin/../lib/gcc/avr/5.4.0/avr5\libgcc.a(_umulhisi3.o)

Memory Configuration

Name             Origin             Length             Attributes
text             0x00000000         0x00008000         xr
data             0x00800060         0x00000800         rw !x
eeprom           0x00810000         0x00000400         rw !x
fuse             0x00820000         0x00000002         rw !x
lock             0x00830000         0x00000400         rw !x
signature        0x00840000         0x00000400         rw !x
user_signatures  0x00850000         0x00000400         rw !x
*default*        0x00000000         0xffffffff

Linker script and memory map

LOAD C:/Program Files (x86)/Atmel/Studio/7.0/Packs/atmel/ATmega_DFP/1.6.364/gcc/dev/atmega32/avr5/crtatmega32.o
LOAD APP/LoginSystem.o
LOAD APP/main.o
LOAD HAL/EPROM3/EEPROM.o
LOAD HAL/Keypad/Keypad_prog.o
LOAD HAL/LCD/LCD_prog.o
LOAD MCAL/DIO/DIO_prog.o
LOAD MCAL/EXTI/EXTI_config.o
LOAD MCAL/EXTI/EXTI_prog.o
LOAD MCAL/SPI/SPI.o
LOAD MCAL/UART/UART_program.o
START GROUP
LOAD c:/program files (x86)/atmel/studio/7.0/toolchain/avr8/avr8-gnu-toolchain/bin/../lib/gcc/avr/5.4.0/../../../../avr/lib/avr5\libm.a
END GROUP
START GROUP
LOAD c:/program files (x86)/atmel/studio/7.0/toolchain/avr8/avr8-gnu-toolchain/bin/../lib/gcc/avr/5.4.0/avr5\libgcc.a
LOAD c:/program files (x86)/atmel/studio/7.0/toolchain/avr8/avr8-gnu-toolchain/bin/../lib/gcc/avr/5.4.0/../../../../avr/lib/avr5\libm.a
LOAD c:/program files (x86)/atmel/studio/7.0/toolchain/avr8/avr8-gnu-toolchain/bin/../lib/gcc/avr/5.4.0/../../../../avr/lib/avr5\libc.a
LOAD C:/Program Files (x86)/Atmel/Studio/7.0/Packs/atmel/ATmega_DFP/1.6.364/gcc/dev/atmega32/avr5\libatmega32.a
END GROUP
                0x00000000                __TEXT_REGION_ORIGIN__ = DEFINED (__TEXT_REGION_ORIGIN__)?__TEXT_REGION_ORIGIN__:0x0
                [0x00800060]                __DATA_REGION_ORIGIN__ = DEFINED (__DATA_REGION_ORIGIN__)?__DATA_REGION_ORIGIN__:0x800060
                [0x00008000]                __TEXT_REGION_LENGTH__ = DEFINED (__TEXT_REGION_LENGTH__)?__TEXT_REGION_LENGTH__:0x20000
                [0x00000800]                __DATA_REGION_LENGTH__ = DEFINED (__DATA_REGION_LENGTH__)?__DATA_REGION_LENGTH__:0xffa0
                [0x00000400]                __EEPROM_REGION_LENGTH__ = DEFINED (__EEPROM_REGION_LENGTH__)?__EEPROM_REGION_LENGTH__:0x10000
                [0x00000002]                __FUSE_REGION_LENGTH__ = DEFINED (__FUSE_REGION_LENGTH__)?__FUSE_REGION_LENGTH__:0x400
                0x00000400                __LOCK_REGION_LENGTH__ = DEFINED (__LOCK_REGION_LENGTH__)?__LOCK_REGION_LENGTH__:0x400
                0x00000400                __SIGNATURE_REGION_LENGTH__ = DEFINED (__SIGNATURE_REGION_LENGTH__)?__SIGNATURE_REGION_LENGTH__:0x400
                0x00000400                __USER_SIGNATURE_REGION_LENGTH__ = DEFINED (__USER_SIGNATURE_REGION_LENGTH__)?__USER_SIGNATURE_REGION_LENGTH__:0x400

.hash
 *(.hash)

.dynsym
 *(.dynsym)

.dynstr
 *(.dynstr)

.gnu.version
 *(.gnu.version)

.gnu.version_d
 *(.gnu.version_d)

.gnu.version_r
 *(.gnu.version_r)

.rel.init
 *(.rel.init)

.rela.init
 *(.rela.init)

.rel.text
 *(.rel.text)
 *(.rel.text.*)
 *(.rel.gnu.linkonce.t*)

.rela.text
 *(.rela.text)
 *(.rela.text.*)
 *(.rela.gnu.linkonce.t*)

.rel.fini
 *(.rel.fini)

.rela.fini
 *(.rela.fini)

.rel.rodata
 *(.rel.rodata)
 *(.rel.rodata.*)
 *(.rel.gnu.linkonce.r*)

.rela.rodata
 *(.rela.rodata)
 *(.rela.rodata.*)
 *(.rela.gnu.linkonce.r*)

.rel.data
 *(.rel.data)
 *(.rel.data.*)
 *(.rel.gnu.linkonce.d*)

.rela.data
 *(.rela.data)
 *(.rela.data.*)
 *(.rela.gnu.linkonce.d*)

.rel.ctors
 *(.rel.ctors)

.rela.ctors
 *(.rela.ctors)

.rel.dtors
 *(.rel.dtors)

.rela.dtors
 *(.rela.dtors)

.rel.got
 *(.rel.got)

.rela.got
 *(.rela.got)

.rel.bss
 *(.rel.bss)

.rela.bss
 *(.rela.bss)

.rel.plt
 *(.rel.plt)

.rela.plt
 *(.rela.plt)

.text           0x00000000     0x1ad4
 *(.vectors)
 .vectors       0x00000000       0x54 C:/Program Files (x86)/Atmel/Studio/7.0/Packs/atmel/ATmega_DFP/1.6.364/gcc/dev/atmega32/avr5/crtatmega32.o
                0x00000000                __vector_default
                0x00000000                __vectors
 *(.vectors)
 *(.progmem.gcc*)
 .progmem.gcc_sw_table.main
                0x00000054       0x12 APP/main.o
                0x00000066                . = ALIGN (0x2)
                0x00000066                __trampolines_start = .
 *(.trampolines)
 .trampolines   0x00000066        0x0 linker stubs
 *(.trampolines*)
                0x00000066                __trampolines_end = .
 *libprintf_flt.a:*(.progmem.data)
 *libc.a:*(.progmem.data)
 *(.progmem*)
                0x00000066                . = ALIGN (0x2)
 *(.jumptables)
 *(.jumptables*)
 *(.lowtext)
 *(.lowtext*)
                0x00000066                __ctors_start = .
 *(.ctors)
                0x00000066                __ctors_end = .
                0x00000066                __dtors_start = .
 *(.dtors)
                0x00000066                __dtors_end = .
 SORT(*)(.ctors)
 SORT(*)(.dtors)
 *(.init0)
 .init0         0x00000066        0x0 C:/Program Files (x86)/Atmel/Studio/7.0/Packs/atmel/ATmega_DFP/1.6.364/gcc/dev/atmega32/avr5/crtatmega32.o
                0x00000066                __init
 *(.init0)
 *(.init1)
 *(.init1)
 *(.init2)
 .init2         0x00000066        0xc C:/Program Files (x86)/Atmel/Studio/7.0/Packs/atmel/ATmega_DFP/1.6.364/gcc/dev/atmega32/avr5/crtatmega32.o
 *(.init2)
 *(.init3)
 *(.init3)
 *(.init4)
 .init4         0x00000072       0x16 c:/program files (x86)/atmel/studio/7.0/toolchain/avr8/avr8-gnu-toolchain/bin/../lib/gcc/avr/5.4.0/avr5\libgcc.a(_copy_data.o)
                0x00000072                __do_copy_data
 .init4         0x00000088       0x10 c:/program files (x86)/atmel/studio/7.0/toolchain/avr8/avr8-gnu-toolchain/bin/../lib/gcc/avr/5.4.0/avr5\libgcc.a(_clear_bss.o)
                0x00000088                __do_clear_bss
 *(.init4)
 *(.init5)
 *(.init5)
 *(.init6)
 *(.init6)
 *(.init7)
 *(.init7)
 *(.init8)
 *(.init8)
 *(.init9)
 .init9         0x00000098        0x8 C:/Program Files (x86)/Atmel/Studio/7.0/Packs/atmel/ATmega_DFP/1.6.364/gcc/dev/atmega32/avr5/crtatmega32.o
 *(.init9)
 *(.text)
 .text          0x000000a0        0x4 C:/Program Files (x86)/Atmel/Studio/7.0/Packs/atmel/ATmega_DFP/1.6.364/gcc/dev/atmega32/avr5/crtatmega32.o
                0x000000a0                __vector_12
                0x000000a0                __bad_interrupt
                0x000000a0                __vector_6
                0x000000a0                __vector_3
                0x000000a0                __vector_11
                0x000000a0                __vector_13
                0x000000a0                __vector_17
                0x000000a0                __vector_19
                0x000000a0                __vector_7
                0x000000a0                __vector_5
                0x000000a0                __vector_4
                0x000000a0                __vector_9
                0x000000a0                __vector_2
                0x000000a0                __vector_15
                0x000000a0                __vector_8
                0x000000a0                __vector_14
                0x000000a0                __vector_10
                0x000000a0                __vector_16
                0x000000a0                __vector_18
                0x000000a0                __vector_20
                0x000000a4                . = ALIGN (0x2)
 *(.text.*)
 .text.LoginSystem_SaveNewUser
                0x000000a4       0xe6 APP/LoginSystem.o
                0x000000a4                LoginSystem_SaveNewUser
 .text.LoginSystem_enuGetDataFromUserByKeypad
                0x0000018a       0xce APP/LoginSystem.o
                0x0000018a                LoginSystem_enuGetDataFromUserByKeypad
 .text.LoginSystem_enuGetDataFromUserBY_UART
                0x00000258       0x3a APP/LoginSystem.o
                0x00000258                LoginSystem_enuGetDataFromUserBY_UART
 .text.LoginSystem_u8Strcmp
                0x00000292       0x46 APP/LoginSystem.o
                0x00000292                LoginSystem_u8Strcmp
 .text.LoginSystem_RemoveUser
                0x000002d8      0x17a APP/LoginSystem.o
                0x000002d8                LoginSystem_RemoveUser
 .text.Button_Pressed_Interrupt
                0x00000452       0x22 APP/main.o
                0x00000452                Button_Pressed_Interrupt
 .text.startup.main
                0x00000474      0xae6 APP/main.o
                0x00000474                main
 .text.EEPROM_ui8ReadByteFromAddress
                0x00000f5a       0x12 HAL/EPROM3/EEPROM.o
                0x00000f5a                EEPROM_ui8ReadByteFromAddress
 .text.EEPROM_vReadBlockFromAddress
                0x00000f6c       0x2e HAL/EPROM3/EEPROM.o
                0x00000f6c                EEPROM_vReadBlockFromAddress
 .text.EEPROM_vWriteByteToAddress
                0x00000f9a       0x18 HAL/EPROM3/EEPROM.o
                0x00000f9a                EEPROM_vWriteByteToAddress
 .text.EEPROM_vWriteBlockToAddress
                0x00000fb2       0x38 HAL/EPROM3/EEPROM.o
                0x00000fb2                EEPROM_vWriteBlockToAddress
 .text.Keypad_enuInit
                0x00000fea       0xa4 HAL/Keypad/Keypad_prog.o
                0x00000fea                Keypad_enuInit
 .text.Keypad_enuGetPressedKey
                0x0000108e      0x18e HAL/Keypad/Keypad_prog.o
                0x0000108e                Keypad_enuGetPressedKey
 .text.LCD_enuWriteNLatch
                0x0000121c      0x164 HAL/LCD/LCD_prog.o
 .text.LCD_enuWriteNLatch.constprop.0
                0x00001380       0xc0 HAL/LCD/LCD_prog.o
 .text.LCD_enuWriteNLatch.constprop.1
                0x00001440       0xc0 HAL/LCD/LCD_prog.o
 .text.LCD_enuInit
                0x00001500       0xb8 HAL/LCD/LCD_prog.o
                0x00001500                LCD_enuInit
 .text.LCD_enuSendData
                0x000015b8       0x1a HAL/LCD/LCD_prog.o
                0x000015b8                LCD_enuSendData
 .text.LCD_enuDisplayUnsignedInteger
                0x000015d2      0x128 HAL/LCD/LCD_prog.o
                0x000015d2                LCD_enuDisplayUnsignedInteger
 .text.LCD_enuDisplayString
                0x000016fa       0x3a HAL/LCD/LCD_prog.o
                0x000016fa                LCD_enuDisplayString
 .text.LCD_enuSetCursorPosition
                0x00001734       0x44 HAL/LCD/LCD_prog.o
                0x00001734                LCD_enuSetCursorPosition
 .text.LCD_enuClearDisplay
                0x00001778       0x18 HAL/LCD/LCD_prog.o
                0x00001778                LCD_enuClearDisplay
 .text.DIO_enuInit
                0x00001790        0xc MCAL/DIO/DIO_prog.o
                0x00001790                DIO_enuInit
 .text.DIO_enuSetPinDirection
                0x0000179c       0xb4 MCAL/DIO/DIO_prog.o
                0x0000179c                DIO_enuSetPinDirection
 .text.DIO_enuSetPinValue
                0x00001850       0xb4 MCAL/DIO/DIO_prog.o
                0x00001850                DIO_enuSetPinValue
 .text.DIO_enuGetPinValue
                0x00001904       0x46 MCAL/DIO/DIO_prog.o
                0x00001904                DIO_enuGetPinValue
 .text.EXTI_enuInit
                0x0000194a       0x10 MCAL/EXTI/EXTI_prog.o
                0x0000194a                EXTI_enuInit
 .text.EXTI_enuCallBack
                0x0000195a       0x14 MCAL/EXTI/EXTI_prog.o
                0x0000195a                EXTI_enuCallBack
 .text.__vector_1
                0x0000196e       0x52 MCAL/EXTI/EXTI_prog.o
                0x0000196e                __vector_1
 .text.SPI_vInitMaster
                0x000019c0        0xe MCAL/SPI/SPI.o
                0x000019c0                SPI_vInitMaster
 .text.SPI_ui8TransmitRecive
                0x000019ce        0xa MCAL/SPI/SPI.o
                0x000019ce                SPI_ui8TransmitRecive
 .text.UART_enuUART_Init
                0x000019d8       0x14 MCAL/UART/UART_program.o
                0x000019d8                UART_enuUART_Init
 .text.UART_enuSendChar
                0x000019ec        0xa MCAL/UART/UART_program.o
                0x000019ec                UART_enuSendChar
 .text.UART_enuRecieveChar
                0x000019f6        0xe MCAL/UART/UART_program.o
                0x000019f6                UART_enuRecieveChar
 .text.UART_enuSendString
                0x00001a04       0x22 MCAL/UART/UART_program.o
                0x00001a04                UART_enuSendString
 .text.UART_enuRecieveString
                0x00001a26       0x2c MCAL/UART/UART_program.o
                0x00001a26                UART_enuRecieveString
 .text.UART_enuCheck_Connection
                0x00001a52       0x10 MCAL/UART/UART_program.o
                0x00001a52                UART_enuCheck_Connection
 .text.libgcc.div
                0x00001a62       0x44 c:/program files (x86)/atmel/studio/7.0/toolchain/avr8/avr8-gnu-toolchain/bin/../lib/gcc/avr/5.4.0/avr5\libgcc.a(_udivmodsi4.o)
                0x00001a62                __udivmodsi4
 .text.libgcc   0x00001aa6        0xc c:/program files (x86)/atmel/studio/7.0/toolchain/avr8/avr8-gnu-toolchain/bin/../lib/gcc/avr/5.4.0/avr5\libgcc.a(_tablejump2.o)
                0x00001aa6                __tablejump2__
 .text.libgcc.mul
                0x00001ab2       0x1e c:/program files (x86)/atmel/studio/7.0/toolchain/avr8/avr8-gnu-toolchain/bin/../lib/gcc/avr/5.4.0/avr5\libgcc.a(_umulhisi3.o)
                0x00001ab2                __umulhisi3
                0x00001ad0                . = ALIGN (0x2)
 *(.fini9)
 .fini9         0x00001ad0        0x0 c:/program files (x86)/atmel/studio/7.0/toolchain/avr8/avr8-gnu-toolchain/bin/../lib/gcc/avr/5.4.0/avr5\libgcc.a(_exit.o)
                0x00001ad0                _exit
                0x00001ad0                exit
 *(.fini9)
 *(.fini8)
 *(.fini8)
 *(.fini7)
 *(.fini7)
 *(.fini6)
 *(.fini6)
 *(.fini5)
 *(.fini5)
 *(.fini4)
 *(.fini4)
 *(.fini3)
 *(.fini3)
 *(.fini2)
 *(.fini2)
 *(.fini1)
 *(.fini1)
 *(.fini0)
 .fini0         0x00001ad0        0x4 c:/program files (x86)/atmel/studio/7.0/toolchain/avr8/avr8-gnu-toolchain/bin/../lib/gcc/avr/5.4.0/avr5\libgcc.a(_exit.o)
 *(.fini0)
                0x00001ad4                _etext = .

.data           0x00800060      0x3fa load address 0x00001ad4
                0x00800060                PROVIDE (__data_start, .)
 *(.data)
 *(.data*)
 *(.gnu.linkonce.d*)
 *(.rodata)
 .rodata        0x00800060       0x10 HAL/Keypad/Keypad_prog.o
 *(.rodata*)
 .rodata.str1.1
                0x00800070       0x58 APP/LoginSystem.o
 .rodata.str1.1
                0x008000c8      0x391 APP/main.o
                                0x3dd (size before relaxing)
 *(.gnu.linkonce.r*)
                0x0080045a                . = ALIGN (0x2)
 *fill*         0x00800459        0x1 
                0x0080045a                _edata = .
                0x0080045a                PROVIDE (__data_end, .)

.bss            0x0080045a        0x6
                0x0080045a                PROVIDE (__bss_start, .)
 *(.bss)
 *(.bss*)
 .bss.LCD_KEYPAD_USER_FLAG
                0x0080045a        0x1 APP/main.o
                0x0080045a                LCD_KEYPAD_USER_FLAG
 .bss.ShowToUser
                0x0080045b        0x1 APP/main.o
                0x0080045b                ShowToUser
 .bss.LoginSystem_u8PromotedUserOnlineFlag
                0x0080045c        0x1 APP/main.o
                0x0080045c                LoginSystem_u8PromotedUserOnlineFlag
 .bss.LoginSystem_u8AdminOnlineFlag
                0x0080045d        0x1 APP/main.o
                0x0080045d                LoginSystem_u8AdminOnlineFlag
 .bss.EXTI_pfunISR_fun
                0x0080045e        0x2 MCAL/EXTI/EXTI_prog.o
 *(COMMON)
                0x00800460                PROVIDE (__bss_end, .)
                0x00001ad4                __data_load_start = LOADADDR (.data)
                0x00001ece                __data_load_end = (__data_load_start + SIZEOF (.data))

.noinit         0x00800460        0x0
                [!provide]                PROVIDE (__noinit_start, .)
 *(.noinit*)
                [!provide]                PROVIDE (__noinit_end, .)
                0x00800460                _end = .
                [!provide]                PROVIDE (__heap_start, .)

.eeprom         0x00810000        0x0
 *(.eeprom*)
                0x00810000                __eeprom_end = .

.fuse
 *(.fuse)
 *(.lfuse)
 *(.hfuse)
 *(.efuse)

.lock
 *(.lock*)

.signature
 *(.signature*)

.user_signatures
 *(.user_signatures*)

.stab
 *(.stab)

.stabstr
 *(.stabstr)

.stab.excl
 *(.stab.excl)

.stab.exclstr
 *(.stab.exclstr)

.stab.index
 *(.stab.index)

.stab.indexstr
 *(.stab.indexstr)

.comment        0x00000000       0x30
 *(.comment)
 .comment       0x00000000       0x30 APP/LoginSystem.o
                                 0x31 (size before relaxing)
 .comment       0x00000030       0x31 APP/main.o
 .comment       0x00000030       0x31 HAL/EPROM3/EEPROM.o
 .comment       0x00000030       0x31 HAL/Keypad/Keypad_prog.o
 .comment       0x00000030       0x31 HAL/LCD/LCD_prog.o
 .comment       0x00000030       0x31 MCAL/DIO/DIO_prog.o
 .comment       0x00000030       0x31 MCAL/EXTI/EXTI_prog.o
 .comment       0x00000030       0x31 MCAL/SPI/SPI.o
 .comment       0x00000030       0x31 MCAL/UART/UART_program.o

.note.gnu.avr.deviceinfo
                0x00000000       0x3c
 .note.gnu.avr.deviceinfo
                0x00000000       0x3c C:/Program Files (x86)/Atmel/Studio/7.0/Packs/atmel/ATmega_DFP/1.6.364/gcc/dev/atmega32/avr5/crtatmega32.o

.note.gnu.build-id
 *(.note.gnu.build-id)

.debug
 *(.debug)

.line
 *(.line)

.debug_srcinfo
 *(.debug_srcinfo)

.debug_sfnames
 *(.debug_sfnames)

.debug_aranges  0x00000000      0x228
 *(.debug_aranges)
 .debug_aranges
                0x00000000       0x40 APP/LoginSystem.o
 .debug_aranges
                0x00000040       0x28 APP/main.o
 .debug_aranges
                0x00000068       0x38 HAL/EPROM3/EEPROM.o
 .debug_aranges
                0x000000a0       0x28 HAL/Keypad/Keypad_prog.o
 .debug_aranges
                0x000000c8       0x68 HAL/LCD/LCD_prog.o
 .debug_aranges
                0x00000130       0x40 MCAL/DIO/DIO_prog.o
 .debug_aranges
                0x00000170       0x40 MCAL/EXTI/EXTI_prog.o
 .debug_aranges
                0x000001b0       0x30 MCAL/SPI/SPI.o
 .debug_aranges
                0x000001e0       0x48 MCAL/UART/UART_program.o

.debug_pubnames
 *(.debug_pubnames)

.debug_info     0x00000000     0x455a
 *(.debug_info .gnu.linkonce.wi.*)
 .debug_info    0x00000000      0x4e6 C:/Program Files (x86)/Atmel/Studio/7.0/Packs/atmel/ATmega_DFP/1.6.364/gcc/dev/atmega32/avr5/crtatmega32.o
 .debug_info    0x000004e6      0x879 APP/LoginSystem.o
 .debug_info    0x00000d5f     0x18da APP/main.o
 .debug_info    0x00002639      0x1ed HAL/EPROM3/EEPROM.o
 .debug_info    0x00002826      0x565 HAL/Keypad/Keypad_prog.o
 .debug_info    0x00002d8b     0x10a8 HAL/LCD/LCD_prog.o
 .debug_info    0x00003e33      0x228 MCAL/DIO/DIO_prog.o
 .debug_info    0x0000405b      0x1e6 MCAL/EXTI/EXTI_prog.o
 .debug_info    0x00004241       0xf0 MCAL/SPI/SPI.o
 .debug_info    0x00004331      0x229 MCAL/UART/UART_program.o

.debug_abbrev   0x00000000     0x1000
 *(.debug_abbrev)
 .debug_abbrev  0x00000000      0x4a3 C:/Program Files (x86)/Atmel/Studio/7.0/Packs/atmel/ATmega_DFP/1.6.364/gcc/dev/atmega32/avr5/crtatmega32.o
 .debug_abbrev  0x000004a3      0x1ee APP/LoginSystem.o
 .debug_abbrev  0x00000691      0x1e5 APP/main.o
 .debug_abbrev  0x00000876       0x9d HAL/EPROM3/EEPROM.o
 .debug_abbrev  0x00000913      0x196 HAL/Keypad/Keypad_prog.o
 .debug_abbrev  0x00000aa9      0x23c HAL/LCD/LCD_prog.o
 .debug_abbrev  0x00000ce5       0xb4 MCAL/DIO/DIO_prog.o
 .debug_abbrev  0x00000d99       0xed MCAL/EXTI/EXTI_prog.o
 .debug_abbrev  0x00000e86       0x87 MCAL/SPI/SPI.o
 .debug_abbrev  0x00000f0d       0xf3 MCAL/UART/UART_program.o

.debug_line     0x00000000     0x1ed3
 *(.debug_line .debug_line.* .debug_line_end)
 .debug_line    0x00000000      0x116 C:/Program Files (x86)/Atmel/Studio/7.0/Packs/atmel/ATmega_DFP/1.6.364/gcc/dev/atmega32/avr5/crtatmega32.o
 .debug_line    0x00000116      0x425 APP/LoginSystem.o
 .debug_line    0x0000053b      0x972 APP/main.o
 .debug_line    0x00000ead      0x1ab HAL/EPROM3/EEPROM.o
 .debug_line    0x00001058      0x288 HAL/Keypad/Keypad_prog.o
 .debug_line    0x000012e0      0x585 HAL/LCD/LCD_prog.o
 .debug_line    0x00001865      0x264 MCAL/DIO/DIO_prog.o
 .debug_line    0x00001ac9      0x12d MCAL/EXTI/EXTI_prog.o
 .debug_line    0x00001bf6      0x11b MCAL/SPI/SPI.o
 .debug_line    0x00001d11      0x1c2 MCAL/UART/UART_program.o

.debug_frame    0x00000000      0x54c
 *(.debug_frame)
 .debug_frame   0x00000000      0x110 APP/LoginSystem.o
 .debug_frame   0x00000110       0x44 APP/main.o
 .debug_frame   0x00000154       0x54 HAL/EPROM3/EEPROM.o
 .debug_frame   0x000001a8       0x94 HAL/Keypad/Keypad_prog.o
 .debug_frame   0x0000023c      0x148 HAL/LCD/LCD_prog.o
 .debug_frame   0x00000384       0x64 MCAL/DIO/DIO_prog.o
 .debug_frame   0x000003e8       0xac MCAL/EXTI/EXTI_prog.o
 .debug_frame   0x00000494       0x44 MCAL/SPI/SPI.o
 .debug_frame   0x000004d8       0x74 MCAL/UART/UART_program.o

.debug_str      0x00000000      0xefc
 *(.debug_str)
 .debug_str     0x00000000      0x196 C:/Program Files (x86)/Atmel/Studio/7.0/Packs/atmel/ATmega_DFP/1.6.364/gcc/dev/atmega32/avr5/crtatmega32.o
 .debug_str     0x00000196      0x528 APP/LoginSystem.o
                                0x571 (size before relaxing)
 .debug_str     0x000006be      0x415 APP/main.o
                                0x853 (size before relaxing)
 .debug_str     0x00000ad3       0x64 HAL/EPROM3/EEPROM.o
                                0x26a (size before relaxing)
 .debug_str     0x00000b37       0xda HAL/Keypad/Keypad_prog.o
                                0x418 (size before relaxing)
 .debug_str     0x00000c11       0xd9 HAL/LCD/LCD_prog.o
                                0x48e (size before relaxing)
 .debug_str     0x00000cea       0x71 MCAL/DIO/DIO_prog.o
                                0x263 (size before relaxing)
 .debug_str     0x00000d5b       0xd1 MCAL/EXTI/EXTI_prog.o
                                0x298 (size before relaxing)
 .debug_str     0x00000e2c       0x21 MCAL/SPI/SPI.o
                                0x1e8 (size before relaxing)
 .debug_str     0x00000e4d       0xaf MCAL/UART/UART_program.o
                                0x2bc (size before relaxing)

.debug_loc      0x00000000     0x256a
 *(.debug_loc)
 .debug_loc     0x00000000      0x7cf APP/LoginSystem.o
 .debug_loc     0x000007cf      0xab8 APP/main.o
 .debug_loc     0x00001287      0x155 HAL/EPROM3/EEPROM.o
 .debug_loc     0x000013dc      0x1e3 HAL/Keypad/Keypad_prog.o
 .debug_loc     0x000015bf      0xa29 HAL/LCD/LCD_prog.o
 .debug_loc     0x00001fe8      0x2d9 MCAL/DIO/DIO_prog.o
 .debug_loc     0x000022c1      0x1a8 MCAL/EXTI/EXTI_prog.o
 .debug_loc     0x00002469       0x1f MCAL/SPI/SPI.o
 .debug_loc     0x00002488       0xe2 MCAL/UART/UART_program.o

.debug_macinfo
 *(.debug_macinfo)

.debug_weaknames
 *(.debug_weaknames)

.debug_funcnames
 *(.debug_funcnames)

.debug_typenames
 *(.debug_typenames)

.debug_varnames
 *(.debug_varnames)

.debug_pubtypes
 *(.debug_pubtypes)

.debug_ranges   0x00000000      0x298
 *(.debug_ranges)
 .debug_ranges  0x00000000       0x60 APP/LoginSystem.o
 .debug_ranges  0x00000060       0xd0 APP/main.o
 .debug_ranges  0x00000130       0x28 HAL/EPROM3/EEPROM.o
 .debug_ranges  0x00000158       0x18 HAL/Keypad/Keypad_prog.o
 .debug_ranges  0x00000170       0x70 HAL/LCD/LCD_prog.o
 .debug_ranges  0x000001e0       0x30 MCAL/DIO/DIO_prog.o
 .debug_ranges  0x00000210       0x30 MCAL/EXTI/EXTI_prog.o
 .debug_ranges  0x00000240       0x20 MCAL/SPI/SPI.o
 .debug_ranges  0x00000260       0x38 MCAL/UART/UART_program.o

.debug_macro
 *(.debug_macro)
OUTPUT(AVRMaster.elf elf32-avr)
LOAD linker stubs
